[2026-09-25T03:52:08.267Z] GET file:///C:/Users/gduplessy/code/RansWake-Releases/docs/index.html → 200 (5ms, 12994B)
[2026-09-25T03:52:08.282Z] GET https://api.fontshare.com/v2/css?f[]=cabinet-grotesk@800,900&f[]=general-sans@400,500,600&display=swap → 200 (214ms, 932B)
[2026-09-25T03:52:08.282Z] GET https://fonts.googleapis.com/css2?family=JetBrains+Mono:wght@400;500&display=swap → 200 (231ms, 1161B)
[2026-09-25T03:52:08.283Z] GET file:///C:/Users/gduplessy/code/RansWake-Releases/docs/styles.css → 200 (?ms, 10468B)
[2026-09-25T03:52:08.283Z] GET file:///C:/Users/gduplessy/code/RansWake-Releases/docs/assets/hero.webp → 200 (2ms, 97751B)
[2026-09-25T03:52:08.283Z] GET file:///C:/Users/gduplessy/code/RansWake-Releases/docs/assets/icon-32.png → 200 (2ms, 2192B)
[2026-09-25T03:52:08.283Z] GET file:///C:/Users/gduplessy/code/RansWake-Releases/docs/water.js → 200 (10ms, 7151B)
[2026-09-25T03:52:08.283Z] GET file:///C:/Users/gduplessy/code/RansWake-Releases/docs/site.js → 200 (10ms, 2927B)
[2026-09-25T03:52:08.662Z] GET https://fonts.gstatic.com/s/jetbrainsmono/v24/tDbv2o-flEEny0FZhsfKu5WU4zr3E_BX0PnT8RD8yKwBNntkaToggR7BYRbKPxDcwg.woff2 → pending (?ms, ?B)
[2026-09-25T03:52:08.662Z] GET https://cdn.fontshare.com/wf/54BYDK52GK4J6SPDN2E656FIZHUETKL3/ACYE4XDNEUAHIOQEOGPYPDVAVDI5P67Q/TZVUWRP4UW5PEJWBLXHG5VVGPODI2WLC.woff2 → pending (?ms, ?B)
[2026-09-25T03:52:08.663Z] GET https://cdn.fontshare.com/wf/ZX6AQLSFYVDPN2URWO2MQFGTYYOHIS64/TPYPKOYWFQVNJHLLRXD4KFYX4LUOUW4Z/6QH2ALVTTK7IRVO5MYOQQ3OZNXW5SSS3.woff2 → pending (?ms, ?B)
[2026-09-25T03:52:08.785Z] GET file:///C:/Users/gduplessy/code/RansWake-Releases/docs/assets/relic.webp → 200 (2ms, 41901B)
[2026-09-25T03:52:08.785Z] GET file:///C:/Users/gduplessy/code/RansWake-Releases/docs/assets/flood.webp → 200 (8ms, 45981B)
[2026-09-25T03:52:08.787Z] GET file:///C:/Users/gduplessy/code/RansWake-Releases/docs/assets/armory.webp → 200 (22ms, 63525B)
[2026-09-25T03:52:08.787Z] GET file:///C:/Users/gduplessy/code/RansWake-Releases/docs/assets/hold7.webp → 200 (22ms, 93117B)
[2026-09-25T03:52:08.787Z] GET file:///C:/Users/gduplessy/code/RansWake-Releases/docs/assets/bilge.webp → 200 (24ms, 84635B)
[2026-09-25T03:52:08.790Z] GET https://api.github.com/repos/gduplessy/RansWake-Releases/releases?per_page=6 → pending (?ms, ?B)
[2026-09-25T03:53:28.226Z] GET file:///C:/Users/gduplessy/code/RansWake-Releases/docs/index.html → 200 (3ms, 12994B)
[2026-09-25T03:53:28.255Z] GET https://api.fontshare.com/v2/css?f[]=cabinet-grotesk@800,900&f[]=general-sans@400,500,600&display=swap → 200 (4ms, -727B)
[2026-09-25T03:53:28.255Z] GET https://fonts.googleapis.com/css2?family=JetBrains+Mono:wght@400;500&display=swap → 200 (6ms, -698B)
[2026-09-25T03:53:28.255Z] GET file:///C:/Users/gduplessy/code/RansWake-Releases/docs/styles.css → 200 (2ms, 10468B)
[2026-09-25T03:53:28.255Z] GET file:///C:/Users/gduplessy/code/RansWake-Releases/docs/assets/hero.webp → 200 (2ms, 97751B)
[2026-09-25T03:53:28.256Z] GET file:///C:/Users/gduplessy/code/RansWake-Releases/docs/assets/icon-32.png → 200 (2ms, 2192B)
[2026-09-25T03:53:28.256Z] GET file:///C:/Users/gduplessy/code/RansWake-Releases/docs/water.js → 200 (7ms, 7151B)
[2026-09-25T03:53:28.256Z] GET file:///C:/Users/gduplessy/code/RansWake-Releases/docs/site.js → 200 (8ms, 2927B)
[2026-09-25T03:53:28.282Z] GET https://fonts.gstatic.com/s/jetbrainsmono/v24/tDbv2o-flEEny0FZhsfKu5WU4zr3E_BX0PnT8RD8yKwBNntkaToggR7BYRbKPxDcwg.woff2 → 200 (2ms, -815B)
[2026-09-25T03:53:28.282Z] GET https://cdn.fontshare.com/wf/54BYDK52GK4J6SPDN2E656FIZHUETKL3/ACYE4XDNEUAHIOQEOGPYPDVAVDI5P67Q/TZVUWRP4UW5PEJWBLXHG5VVGPODI2WLC.woff2 → 200 (2ms, -1220B)
[2026-09-25T03:53:28.284Z] GET https://cdn.fontshare.com/wf/ZX6AQLSFYVDPN2URWO2MQFGTYYOHIS64/TPYPKOYWFQVNJHLLRXD4KFYX4LUOUW4Z/6QH2ALVTTK7IRVO5MYOQQ3OZNXW5SSS3.woff2 → 200 (1ms, -1231B)
[2026-09-25T03:53:28.287Z] GET https://api.github.com/repos/gduplessy/RansWake-Releases/releases?per_page=6 → 200 (411ms, 1115B)
[2026-09-25T03:53:28.416Z] GET file:///C:/Users/gduplessy/code/RansWake-Releases/docs/assets/relic.webp → 200 (54ms, 41901B)
[2026-09-25T03:53:28.416Z] GET file:///C:/Users/gduplessy/code/RansWake-Releases/docs/assets/flood.webp → 200 (55ms, 45981B)
[2026-09-25T03:53:28.417Z] GET file:///C:/Users/gduplessy/code/RansWake-Releases/docs/assets/armory.webp → 200 (56ms, 63525B)
[2026-09-25T03:53:28.417Z] GET file:///C:/Users/gduplessy/code/RansWake-Releases/docs/assets/hold7.webp → 200 (57ms, 93117B)
[2026-09-25T03:53:28.417Z] GET file:///C:/Users/gduplessy/code/RansWake-Releases/docs/assets/bilge.webp → 200 (57ms, 84635B)
[2026-09-25T03:53:31.273Z] GET file:///C:/Users/gduplessy/code/RansWake-Releases/docs/assets/engine.webp → 200 (3ms, 95343B)
[2026-09-25T03:53:31.273Z] GET file:///C:/Users/gduplessy/code/RansWake-Releases/docs/assets/keel.webp → 200 (3ms, 88971B)
[2026-09-25T03:54:30.748Z] GET file:///C:/Users/gduplessy/code/RansWake-Releases/docs/index.html → 200 (2ms, 12994B)
[2026-09-25T03:54:30.778Z] GET https://api.fontshare.com/v2/css?f[]=cabinet-grotesk@800,900&f[]=general-sans@400,500,600&display=swap → 200 (3ms, -727B)
[2026-09-25T03:54:30.779Z] GET https://fonts.googleapis.com/css2?family=JetBrains+Mono:wght@400;500&display=swap → 200 (3ms, -698B)
[2026-09-25T03:54:30.779Z] GET file:///C:/Users/gduplessy/code/RansWake-Releases/docs/styles.css → 200 (?ms, 10496B)
[2026-09-25T03:54:30.779Z] GET file:///C:/Users/gduplessy/code/RansWake-Releases/docs/assets/hero.webp → 200 (1ms, 97751B)
[2026-09-25T03:54:30.779Z] GET file:///C:/Users/gduplessy/code/RansWake-Releases/docs/assets/icon-32.png → 200 (1ms, 2192B)
[2026-09-25T03:54:30.779Z] GET file:///C:/Users/gduplessy/code/RansWake-Releases/docs/water.js → 200 (11ms, 7151B)
[2026-09-25T03:54:30.779Z] GET file:///C:/Users/gduplessy/code/RansWake-Releases/docs/site.js → 200 (11ms, 2927B)
[2026-09-25T03:54:30.801Z] GET https://fonts.gstatic.com/s/jetbrainsmono/v24/tDbv2o-flEEny0FZhsfKu5WU4zr3E_BX0PnT8RD8yKwBNntkaToggR7BYRbKPxDcwg.woff2 → 200 (12ms, -815B)
[2026-09-25T03:54:30.808Z] GET https://cdn.fontshare.com/wf/54BYDK52GK4J6SPDN2E656FIZHUETKL3/ACYE4XDNEUAHIOQEOGPYPDVAVDI5P67Q/TZVUWRP4UW5PEJWBLXHG5VVGPODI2WLC.woff2 → 200 (5ms, -1220B)
[2026-09-25T03:54:30.809Z] GET https://cdn.fontshare.com/wf/ZX6AQLSFYVDPN2URWO2MQFGTYYOHIS64/TPYPKOYWFQVNJHLLRXD4KFYX4LUOUW4Z/6QH2ALVTTK7IRVO5MYOQQ3OZNXW5SSS3.woff2 → 200 (5ms, -1231B)
[2026-09-25T03:54:30.809Z] GET file:///C:/Users/gduplessy/code/RansWake-Releases/docs/assets/relic.webp → 200 (5ms, 41901B)
[2026-09-25T03:54:30.809Z] GET file:///C:/Users/gduplessy/code/RansWake-Releases/docs/assets/flood.webp → 200 (5ms, 45981B)
[2026-09-25T03:54:30.809Z] GET file:///C:/Users/gduplessy/code/RansWake-Releases/docs/assets/armory.webp → 200 (6ms, 63525B)
[2026-09-25T03:54:30.809Z] GET file:///C:/Users/gduplessy/code/RansWake-Releases/docs/assets/hold7.webp → 200 (6ms, 93117B)
[2026-09-25T03:54:30.809Z] GET file:///C:/Users/gduplessy/code/RansWake-Releases/docs/assets/bilge.webp → 200 (6ms, 84635B)
[2026-09-25T03:54:30.809Z] GET file:///C:/Users/gduplessy/code/RansWake-Releases/docs/assets/engine.webp → 200 (8ms, 95343B)
[2026-09-25T03:54:30.810Z] GET file:///C:/Users/gduplessy/code/RansWake-Releases/docs/assets/keel.webp → 200 (8ms, 88971B)
[2026-09-25T03:54:30.848Z] GET https://api.github.com/repos/gduplessy/RansWake-Releases/releases?per_page=6 → pending (?ms, ?B)
[2026-09-25T03:54:55.208Z] GET file:///C:/Users/gduplessy/code/RansWake-Releases/docs/index.html → 200 (1ms, 12994B)
[2026-09-25T03:54:55.231Z] GET https://api.fontshare.com/v2/css?f[]=cabinet-grotesk@800,900&f[]=general-sans@400,500,600&display=swap → 200 (3ms, -727B)
[2026-09-25T03:54:55.231Z] GET https://fonts.googleapis.com/css2?family=JetBrains+Mono:wght@400;500&display=swap → 200 (4ms, -698B)
[2026-09-25T03:54:55.231Z] GET file:///C:/Users/gduplessy/code/RansWake-Releases/docs/styles.css → 200 (1ms, 10496B)
[2026-09-25T03:54:55.231Z] GET file:///C:/Users/gduplessy/code/RansWake-Releases/docs/assets/hero.webp → 200 (1ms, 97751B)
[2026-09-25T03:54:55.231Z] GET file:///C:/Users/gduplessy/code/RansWake-Releases/docs/assets/icon-32.png → 200 (3ms, 2192B)
[2026-09-25T03:54:55.232Z] GET file:///C:/Users/gduplessy/code/RansWake-Releases/docs/water.js → 200 (4ms, 7151B)
[2026-09-25T03:54:55.232Z] GET file:///C:/Users/gduplessy/code/RansWake-Releases/docs/site.js → 200 (4ms, 2927B)
[2026-09-25T03:54:55.267Z] GET https://fonts.gstatic.com/s/jetbrainsmono/v24/tDbv2o-flEEny0FZhsfKu5WU4zr3E_BX0PnT8RD8yKwBNntkaToggR7BYRbKPxDcwg.woff2 → 200 (2ms, -815B)
[2026-09-25T03:54:55.267Z] GET https://cdn.fontshare.com/wf/54BYDK52GK4J6SPDN2E656FIZHUETKL3/ACYE4XDNEUAHIOQEOGPYPDVAVDI5P67Q/TZVUWRP4UW5PEJWBLXHG5VVGPODI2WLC.woff2 → 200 (2ms, -1220B)
[2026-09-25T03:54:55.267Z] GET https://cdn.fontshare.com/wf/ZX6AQLSFYVDPN2URWO2MQFGTYYOHIS64/TPYPKOYWFQVNJHLLRXD4KFYX4LUOUW4Z/6QH2ALVTTK7IRVO5MYOQQ3OZNXW5SSS3.woff2 → 200 (3ms, -1231B)
[2026-09-25T03:54:55.272Z] GET https://api.github.com/repos/gduplessy/RansWake-Releases/releases?per_page=6 → 200 (94ms, -1228B)
[2026-09-25T03:54:55.348Z] GET file:///C:/Users/gduplessy/code/RansWake-Releases/docs/assets/relic.webp → 200 (3ms, 41901B)
[2026-09-25T03:54:55.348Z] GET file:///C:/Users/gduplessy/code/RansWake-Releases/docs/assets/flood.webp → 200 (3ms, 45981B)
[2026-09-25T03:54:55.350Z] GET file:///C:/Users/gduplessy/code/RansWake-Releases/docs/assets/armory.webp → 200 (2ms, 63525B)
[2026-09-25T03:54:55.350Z] GET file:///C:/Users/gduplessy/code/RansWake-Releases/docs/assets/hold7.webp → 200 (2ms, 93117B)
[2026-09-25T03:54:55.350Z] GET file:///C:/Users/gduplessy/code/RansWake-Releases/docs/assets/bilge.webp → 200 (2ms, 84635B)
[2026-09-25T03:54:55.350Z] GET file:///C:/Users/gduplessy/code/RansWake-Releases/docs/assets/engine.webp → 200 (3ms, 95343B)
[2026-09-25T03:54:55.350Z] GET file:///C:/Users/gduplessy/code/RansWake-Releases/docs/assets/keel.webp → 200 (5ms, 88971B)
[2026-09-25T03:55:25.524Z] GET file:///C:/Users/gduplessy/code/RansWake-Releases/docs/index.html → 200 (1ms, 12994B)
[2026-09-25T03:55:25.545Z] GET https://api.fontshare.com/v2/css?f[]=cabinet-grotesk@800,900&f[]=general-sans@400,500,600&display=swap → 200 (3ms, -727B)
[2026-09-25T03:55:25.545Z] GET https://fonts.googleapis.com/css2?family=JetBrains+Mono:wght@400;500&display=swap → 200 (4ms, -698B)
[2026-09-25T03:55:25.545Z] GET file:///C:/Users/gduplessy/code/RansWake-Releases/docs/styles.css → 200 (1ms, 10501B)
[2026-09-25T03:55:25.545Z] GET file:///C:/Users/gduplessy/code/RansWake-Releases/docs/assets/hero.webp → 200 (1ms, 97751B)
[2026-09-25T03:55:25.545Z] GET file:///C:/Users/gduplessy/code/RansWake-Releases/docs/assets/icon-32.png → 200 (1ms, 2192B)
[2026-09-25T03:55:25.545Z] GET file:///C:/Users/gduplessy/code/RansWake-Releases/docs/water.js → 200 (6ms, 7151B)
[2026-09-25T03:55:25.546Z] GET file:///C:/Users/gduplessy/code/RansWake-Releases/docs/site.js → 200 (37ms, 3477B)
[2026-09-25T03:55:25.604Z] GET https://fonts.gstatic.com/s/jetbrainsmono/v24/tDbv2o-flEEny0FZhsfKu5WU4zr3E_BX0PnT8RD8yKwBNntkaToggR7BYRbKPxDcwg.woff2 → 200 (1ms, -815B)
[2026-09-25T03:55:25.604Z] GET https://cdn.fontshare.com/wf/54BYDK52GK4J6SPDN2E656FIZHUETKL3/ACYE4XDNEUAHIOQEOGPYPDVAVDI5P67Q/TZVUWRP4UW5PEJWBLXHG5VVGPODI2WLC.woff2 → 200 (3ms, -1220B)
[2026-09-25T03:55:25.605Z] GET https://cdn.fontshare.com/wf/ZX6AQLSFYVDPN2URWO2MQFGTYYOHIS64/TPYPKOYWFQVNJHLLRXD4KFYX4LUOUW4Z/6QH2ALVTTK7IRVO5MYOQQ3OZNXW5SSS3.woff2 → 200 (2ms, -1231B)
[2026-09-25T03:55:25.608Z] GET https://api.github.com/repos/gduplessy/RansWake-Releases/releases?per_page=6 → 200 (79ms, -1228B)
[2026-09-25T03:55:25.684Z] GET file:///C:/Users/gduplessy/code/RansWake-Releases/docs/assets/relic.webp → 200 (3ms, 41901B)
[2026-09-25T03:55:25.684Z] GET file:///C:/Users/gduplessy/code/RansWake-Releases/docs/assets/flood.webp → 200 (3ms, 45981B)
[2026-09-25T03:55:25.684Z] GET file:///C:/Users/gduplessy/code/RansWake-Releases/docs/assets/armory.webp → 200 (4ms, 63525B)
[2026-09-25T03:55:25.684Z] GET file:///C:/Users/gduplessy/code/RansWake-Releases/docs/assets/hold7.webp → 200 (4ms, 93117B)
[2026-09-25T03:55:25.684Z] GET file:///C:/Users/gduplessy/code/RansWake-Releases/docs/assets/bilge.webp → 200 (6ms, 84635B)
[2026-09-25T03:55:25.686Z] GET file:///C:/Users/gduplessy/code/RansWake-Releases/docs/assets/engine.webp → 200 (4ms, 95343B)
[2026-09-25T03:55:25.686Z] GET file:///C:/Users/gduplessy/code/RansWake-Releases/docs/assets/keel.webp → 200 (5ms, 88971B)
[2026-09-25T03:56:05.341Z] GET file:///C:/Users/gduplessy/code/RansWake-Releases/docs/index.html → 200 (2ms, 12994B)
[2026-09-25T03:56:05.360Z] GET https://api.fontshare.com/v2/css?f[]=cabinet-grotesk@800,900&f[]=general-sans@400,500,600&display=swap → 200 (5ms, -727B)
[2026-09-25T03:56:05.360Z] GET https://fonts.googleapis.com/css2?family=JetBrains+Mono:wght@400;500&display=swap → 200 (6ms, -698B)
[2026-09-25T03:56:05.361Z] GET file:///C:/Users/gduplessy/code/RansWake-Releases/docs/styles.css → 200 (1ms, 10466B)
[2026-09-25T03:56:05.361Z] GET file:///C:/Users/gduplessy/code/RansWake-Releases/docs/assets/hero.webp → 200 (4ms, 97751B)
[2026-09-25T03:56:05.361Z] GET file:///C:/Users/gduplessy/code/RansWake-Releases/docs/assets/icon-32.png → 200 (4ms, 2192B)
[2026-09-25T03:56:05.362Z] GET file:///C:/Users/gduplessy/code/RansWake-Releases/docs/water.js → 200 (5ms, 7151B)
[2026-09-25T03:56:05.362Z] GET file:///C:/Users/gduplessy/code/RansWake-Releases/docs/site.js → 200 (33ms, 3772B)
[2026-09-25T03:56:05.417Z] GET https://cdn.fontshare.com/wf/54BYDK52GK4J6SPDN2E656FIZHUETKL3/ACYE4XDNEUAHIOQEOGPYPDVAVDI5P67Q/TZVUWRP4UW5PEJWBLXHG5VVGPODI2WLC.woff2 → 200 (2ms, -1220B)
[2026-09-25T03:56:05.417Z] GET https://cdn.fontshare.com/wf/ZX6AQLSFYVDPN2URWO2MQFGTYYOHIS64/TPYPKOYWFQVNJHLLRXD4KFYX4LUOUW4Z/6QH2ALVTTK7IRVO5MYOQQ3OZNXW5SSS3.woff2 → 200 (3ms, -1231B)
[2026-09-25T03:56:05.419Z] GET https://fonts.gstatic.com/s/jetbrainsmono/v24/tDbv2o-flEEny0FZhsfKu5WU4zr3E_BX0PnT8RD8yKwBNntkaToggR7BYRbKPxDcwg.woff2 → 200 (2ms, -815B)
[2026-09-25T03:56:05.422Z] GET https://api.github.com/repos/gduplessy/RansWake-Releases/releases?per_page=6 → pending (?ms, ?B)
[2026-09-25T03:56:05.498Z] GET file:///C:/Users/gduplessy/code/RansWake-Releases/docs/assets/relic.webp → 200 (2ms, 41901B)
[2026-09-25T03:56:05.500Z] GET file:///C:/Users/gduplessy/code/RansWake-Releases/docs/assets/flood.webp → 200 (1ms, 45981B)
[2026-09-25T03:56:05.500Z] GET file:///C:/Users/gduplessy/code/RansWake-Releases/docs/assets/armory.webp → 200 (1ms, 63525B)
[2026-09-25T03:56:05.500Z] GET file:///C:/Users/gduplessy/code/RansWake-Releases/docs/assets/hold7.webp → 200 (3ms, 93117B)
[2026-09-25T03:56:05.500Z] GET file:///C:/Users/gduplessy/code/RansWake-Releases/docs/assets/bilge.webp → 200 (3ms, 84635B)
[2026-09-25T03:56:05.500Z] GET file:///C:/Users/gduplessy/code/RansWake-Releases/docs/assets/engine.webp → 200 (4ms, 95343B)
[2026-09-25T03:56:05.500Z] GET file:///C:/Users/gduplessy/code/RansWake-Releases/docs/assets/keel.webp → 200 (5ms, 88971B)
